// Jest Snapshot v1, https://goo.gl/fbAQLP

exports[`snapshot test testing footer 1`] = `
<div
  className="container__file"
>
  <div>
    <img
      alt="failed"
      src="file.png"
    />
     
    name size
  </div>
</div>
`;
