// Jest Snapshot v1, https://goo.gl/fbAQLP

exports[`snapshot test testing footer 1`] = `
<div
  className="container__header"
>
  <h1>
    test
  </h1>
</div>
`;
